Archive member included to satisfy reference by file (symbol)

d:/programmes/atmelstudio/7.0/toolchain/avr8/avr8-gnu-toolchain/bin/../lib/gcc/avr/5.4.0/avrxmega3\libgcc.a(_udivmodqi4.o)
                              NOKIA3310.o (__udivmodqi4)
d:/programmes/atmelstudio/7.0/toolchain/avr8/avr8-gnu-toolchain/bin/../lib/gcc/avr/5.4.0/avrxmega3\libgcc.a(_exit.o)
                              D:/Programmes/AtmelStudio/7.0/Packs/atmel/ATtiny_DFP/1.3.147/gcc/dev/attiny1616/avrxmega3/crtattiny1616.o (exit)
d:/programmes/atmelstudio/7.0/toolchain/avr8/avr8-gnu-toolchain/bin/../lib/gcc/avr/5.4.0/avrxmega3\libgcc.a(_tablejump2.o)
                              LTC6911.o (__tablejump2__)
d:/programmes/atmelstudio/7.0/toolchain/avr8/avr8-gnu-toolchain/bin/../lib/gcc/avr/5.4.0/../../../../avr/lib/avrxmega3\libc.a(itoa_ncheck.o)
                              main.o (__itoa_ncheck)
d:/programmes/atmelstudio/7.0/toolchain/avr8/avr8-gnu-toolchain/bin/../lib/gcc/avr/5.4.0/../../../../avr/lib/avrxmega3\libc.a(utoa_ncheck.o)
                              d:/programmes/atmelstudio/7.0/toolchain/avr8/avr8-gnu-toolchain/bin/../lib/gcc/avr/5.4.0/../../../../avr/lib/avrxmega3\libc.a(itoa_ncheck.o) (__utoa_common)
d:/programmes/atmelstudio/7.0/toolchain/avr8/avr8-gnu-toolchain/bin/../lib/gcc/avr/5.4.0/../../../../avr/lib/avrxmega3\libc.a(strrev.o)
                              d:/programmes/atmelstudio/7.0/toolchain/avr8/avr8-gnu-toolchain/bin/../lib/gcc/avr/5.4.0/../../../../avr/lib/avrxmega3\libc.a(utoa_ncheck.o) (strrev)

Discarded input sections

 .data          0x00000000        0x0 D:/Programmes/AtmelStudio/7.0/Packs/atmel/ATtiny_DFP/1.3.147/gcc/dev/attiny1616/avrxmega3/crtattiny1616.o
 .bss           0x00000000        0x0 D:/Programmes/AtmelStudio/7.0/Packs/atmel/ATtiny_DFP/1.3.147/gcc/dev/attiny1616/avrxmega3/crtattiny1616.o
 .text          0x00000000        0x0 charset.o
 .data          0x00000000        0x0 charset.o
 .bss           0x00000000        0x0 charset.o
 .text          0x00000000        0x0 LTC2402.o
 .data          0x00000000        0x0 LTC2402.o
 .bss           0x00000000        0x0 LTC2402.o
 .text          0x00000000        0x0 LTC6911.o
 .data          0x00000000        0x0 LTC6911.o
 .bss           0x00000000        0x0 LTC6911.o
 .text          0x00000000        0x0 main.o
 .data          0x00000000        0x0 main.o
 .bss           0x00000000        0x0 main.o
 .text          0x00000000        0x0 NOKIA3310.o
 .data          0x00000000        0x0 NOKIA3310.o
 .bss           0x00000000        0x0 NOKIA3310.o
 .text.putPicture
                0x00000000       0xae NOKIA3310.o
 .text          0x00000000        0x0 setup.o
 .data          0x00000000        0x0 setup.o
 .bss           0x00000000        0x0 setup.o
 .text          0x00000000        0x0 utils.o
 .data          0x00000000        0x0 utils.o
 .bss           0x00000000        0x0 utils.o
 .debug_line    0x00000000        0x0 utils.o
 .debug_str     0x00000000      0x10a utils.o
 .comment       0x00000000       0x31 utils.o
 .text          0x00000000        0x0 d:/programmes/atmelstudio/7.0/toolchain/avr8/avr8-gnu-toolchain/bin/../lib/gcc/avr/5.4.0/avrxmega3\libgcc.a(_udivmodqi4.o)
 .data          0x00000000        0x0 d:/programmes/atmelstudio/7.0/toolchain/avr8/avr8-gnu-toolchain/bin/../lib/gcc/avr/5.4.0/avrxmega3\libgcc.a(_udivmodqi4.o)
 .bss           0x00000000        0x0 d:/programmes/atmelstudio/7.0/toolchain/avr8/avr8-gnu-toolchain/bin/../lib/gcc/avr/5.4.0/avrxmega3\libgcc.a(_udivmodqi4.o)
 .text.libgcc.mul
                0x00000000        0x0 d:/programmes/atmelstudio/7.0/toolchain/avr8/avr8-gnu-toolchain/bin/../lib/gcc/avr/5.4.0/avrxmega3\libgcc.a(_udivmodqi4.o)
 .text.libgcc.div
                0x00000000       0x18 d:/programmes/atmelstudio/7.0/toolchain/avr8/avr8-gnu-toolchain/bin/../lib/gcc/avr/5.4.0/avrxmega3\libgcc.a(_udivmodqi4.o)
 .text.libgcc   0x00000000        0x0 d:/programmes/atmelstudio/7.0/toolchain/avr8/avr8-gnu-toolchain/bin/../lib/gcc/avr/5.4.0/avrxmega3\libgcc.a(_udivmodqi4.o)
 .text.libgcc.prologue
                0x00000000        0x0 d:/programmes/atmelstudio/7.0/toolchain/avr8/avr8-gnu-toolchain/bin/../lib/gcc/avr/5.4.0/avrxmega3\libgcc.a(_udivmodqi4.o)
 .text.libgcc.builtins
                0x00000000        0x0 d:/programmes/atmelstudio/7.0/toolchain/avr8/avr8-gnu-toolchain/bin/../lib/gcc/avr/5.4.0/avrxmega3\libgcc.a(_udivmodqi4.o)
 .text.libgcc.fmul
                0x00000000        0x0 d:/programmes/atmelstudio/7.0/toolchain/avr8/avr8-gnu-toolchain/bin/../lib/gcc/avr/5.4.0/avrxmega3\libgcc.a(_udivmodqi4.o)
 .text.libgcc.fixed
                0x00000000        0x0 d:/programmes/atmelstudio/7.0/toolchain/avr8/avr8-gnu-toolchain/bin/../lib/gcc/avr/5.4.0/avrxmega3\libgcc.a(_udivmodqi4.o)
 .text          0x00000000        0x0 d:/programmes/atmelstudio/7.0/toolchain/avr8/avr8-gnu-toolchain/bin/../lib/gcc/avr/5.4.0/avrxmega3\libgcc.a(_exit.o)
 .data          0x00000000        0x0 d:/programmes/atmelstudio/7.0/toolchain/avr8/avr8-gnu-toolchain/bin/../lib/gcc/avr/5.4.0/avrxmega3\libgcc.a(_exit.o)
 .bss           0x00000000        0x0 d:/programmes/atmelstudio/7.0/toolchain/avr8/avr8-gnu-toolchain/bin/../lib/gcc/avr/5.4.0/avrxmega3\libgcc.a(_exit.o)
 .text.libgcc.mul
                0x00000000        0x0 d:/programmes/atmelstudio/7.0/toolchain/avr8/avr8-gnu-toolchain/bin/../lib/gcc/avr/5.4.0/avrxmega3\libgcc.a(_exit.o)
 .text.libgcc.div
                0x00000000        0x0 d:/programmes/atmelstudio/7.0/toolchain/avr8/avr8-gnu-toolchain/bin/../lib/gcc/avr/5.4.0/avrxmega3\libgcc.a(_exit.o)
 .text.libgcc   0x00000000        0x0 d:/programmes/atmelstudio/7.0/toolchain/avr8/avr8-gnu-toolchain/bin/../lib/gcc/avr/5.4.0/avrxmega3\libgcc.a(_exit.o)
 .text.libgcc.prologue
                0x00000000        0x0 d:/programmes/atmelstudio/7.0/toolchain/avr8/avr8-gnu-toolchain/bin/../lib/gcc/avr/5.4.0/avrxmega3\libgcc.a(_exit.o)
 .text.libgcc.builtins
                0x00000000        0x0 d:/programmes/atmelstudio/7.0/toolchain/avr8/avr8-gnu-toolchain/bin/../lib/gcc/avr/5.4.0/avrxmega3\libgcc.a(_exit.o)
 .text.libgcc.fmul
                0x00000000        0x0 d:/programmes/atmelstudio/7.0/toolchain/avr8/avr8-gnu-toolchain/bin/../lib/gcc/avr/5.4.0/avrxmega3\libgcc.a(_exit.o)
 .text.libgcc.fixed
                0x00000000        0x0 d:/programmes/atmelstudio/7.0/toolchain/avr8/avr8-gnu-toolchain/bin/../lib/gcc/avr/5.4.0/avrxmega3\libgcc.a(_exit.o)
 .text          0x00000000        0x0 d:/programmes/atmelstudio/7.0/toolchain/avr8/avr8-gnu-toolchain/bin/../lib/gcc/avr/5.4.0/avrxmega3\libgcc.a(_tablejump2.o)
 .data          0x00000000        0x0 d:/programmes/atmelstudio/7.0/toolchain/avr8/avr8-gnu-toolchain/bin/../lib/gcc/avr/5.4.0/avrxmega3\libgcc.a(_tablejump2.o)
 .bss           0x00000000        0x0 d:/programmes/atmelstudio/7.0/toolchain/avr8/avr8-gnu-toolchain/bin/../lib/gcc/avr/5.4.0/avrxmega3\libgcc.a(_tablejump2.o)
 .text.libgcc.mul
                0x00000000        0x0 d:/programmes/atmelstudio/7.0/toolchain/avr8/avr8-gnu-toolchain/bin/../lib/gcc/avr/5.4.0/avrxmega3\libgcc.a(_tablejump2.o)
 .text.libgcc.div
                0x00000000        0x0 d:/programmes/atmelstudio/7.0/toolchain/avr8/avr8-gnu-toolchain/bin/../lib/gcc/avr/5.4.0/avrxmega3\libgcc.a(_tablejump2.o)
 .text.libgcc.prologue
                0x00000000        0x0 d:/programmes/atmelstudio/7.0/toolchain/avr8/avr8-gnu-toolchain/bin/../lib/gcc/avr/5.4.0/avrxmega3\libgcc.a(_tablejump2.o)
 .text.libgcc.builtins
                0x00000000        0x0 d:/programmes/atmelstudio/7.0/toolchain/avr8/avr8-gnu-toolchain/bin/../lib/gcc/avr/5.4.0/avrxmega3\libgcc.a(_tablejump2.o)
 .text.libgcc.fmul
                0x00000000        0x0 d:/programmes/atmelstudio/7.0/toolchain/avr8/avr8-gnu-toolchain/bin/../lib/gcc/avr/5.4.0/avrxmega3\libgcc.a(_tablejump2.o)
 .text.libgcc.fixed
                0x00000000        0x0 d:/programmes/atmelstudio/7.0/toolchain/avr8/avr8-gnu-toolchain/bin/../lib/gcc/avr/5.4.0/avrxmega3\libgcc.a(_tablejump2.o)
 .text          0x00000000        0x0 d:/programmes/atmelstudio/7.0/toolchain/avr8/avr8-gnu-toolchain/bin/../lib/gcc/avr/5.4.0/../../../../avr/lib/avrxmega3\libc.a(itoa_ncheck.o)
 .data          0x00000000        0x0 d:/programmes/atmelstudio/7.0/toolchain/avr8/avr8-gnu-toolchain/bin/../lib/gcc/avr/5.4.0/../../../../avr/lib/avrxmega3\libc.a(itoa_ncheck.o)
 .bss           0x00000000        0x0 d:/programmes/atmelstudio/7.0/toolchain/avr8/avr8-gnu-toolchain/bin/../lib/gcc/avr/5.4.0/../../../../avr/lib/avrxmega3\libc.a(itoa_ncheck.o)
 .text          0x00000000        0x0 d:/programmes/atmelstudio/7.0/toolchain/avr8/avr8-gnu-toolchain/bin/../lib/gcc/avr/5.4.0/../../../../avr/lib/avrxmega3\libc.a(utoa_ncheck.o)
 .data          0x00000000        0x0 d:/programmes/atmelstudio/7.0/toolchain/avr8/avr8-gnu-toolchain/bin/../lib/gcc/avr/5.4.0/../../../../avr/lib/avrxmega3\libc.a(utoa_ncheck.o)
 .bss           0x00000000        0x0 d:/programmes/atmelstudio/7.0/toolchain/avr8/avr8-gnu-toolchain/bin/../lib/gcc/avr/5.4.0/../../../../avr/lib/avrxmega3\libc.a(utoa_ncheck.o)
 .text          0x00000000        0x0 d:/programmes/atmelstudio/7.0/toolchain/avr8/avr8-gnu-toolchain/bin/../lib/gcc/avr/5.4.0/../../../../avr/lib/avrxmega3\libc.a(strrev.o)
 .data          0x00000000        0x0 d:/programmes/atmelstudio/7.0/toolchain/avr8/avr8-gnu-toolchain/bin/../lib/gcc/avr/5.4.0/../../../../avr/lib/avrxmega3\libc.a(strrev.o)
 .bss           0x00000000        0x0 d:/programmes/atmelstudio/7.0/toolchain/avr8/avr8-gnu-toolchain/bin/../lib/gcc/avr/5.4.0/../../../../avr/lib/avrxmega3\libc.a(strrev.o)

Memory Configuration

Name             Origin             Length             Attributes
text             0x00000000         0x00100000         xr
data             0x00802000         0x0000ffa0         rw !x
eeprom           0x00810000         0x00010000         rw !x
fuse             0x00820000         0x00000009         rw !x
lock             0x00830000         0x00000400         rw !x
signature        0x00840000         0x00000400         rw !x
user_signatures  0x00850000         0x00000400         rw !x
*default*        0x00000000         0xffffffff

Linker script and memory map

Address of section .data set to 0x803800
                0x00008000                __RODATA_PM_OFFSET__ = 0x8000
LOAD D:/Programmes/AtmelStudio/7.0/Packs/atmel/ATtiny_DFP/1.3.147/gcc/dev/attiny1616/avrxmega3/crtattiny1616.o
LOAD charset.o
LOAD LTC2402.o
LOAD LTC6911.o
LOAD main.o
LOAD NOKIA3310.o
LOAD setup.o
LOAD utils.o
START GROUP
LOAD d:/programmes/atmelstudio/7.0/toolchain/avr8/avr8-gnu-toolchain/bin/../lib/gcc/avr/5.4.0/../../../../avr/lib/avrxmega3\libm.a
END GROUP
START GROUP
LOAD d:/programmes/atmelstudio/7.0/toolchain/avr8/avr8-gnu-toolchain/bin/../lib/gcc/avr/5.4.0/avrxmega3\libgcc.a
LOAD d:/programmes/atmelstudio/7.0/toolchain/avr8/avr8-gnu-toolchain/bin/../lib/gcc/avr/5.4.0/../../../../avr/lib/avrxmega3\libm.a
LOAD d:/programmes/atmelstudio/7.0/toolchain/avr8/avr8-gnu-toolchain/bin/../lib/gcc/avr/5.4.0/../../../../avr/lib/avrxmega3\libc.a
LOAD D:/Programmes/AtmelStudio/7.0/Packs/atmel/ATtiny_DFP/1.3.147/gcc/dev/attiny1616/avrxmega3\libattiny1616.a
END GROUP
                0x00100000                __TEXT_REGION_LENGTH__ = DEFINED (__TEXT_REGION_LENGTH__)?__TEXT_REGION_LENGTH__:0x100000
                0x0000ffa0                __DATA_REGION_LENGTH__ = DEFINED (__DATA_REGION_LENGTH__)?__DATA_REGION_LENGTH__:0xffa0
                0x00010000                __EEPROM_REGION_LENGTH__ = DEFINED (__EEPROM_REGION_LENGTH__)?__EEPROM_REGION_LENGTH__:0x10000
                [0x00000009]                __FUSE_REGION_LENGTH__ = DEFINED (__FUSE_REGION_LENGTH__)?__FUSE_REGION_LENGTH__:0x400
                0x00000400                __LOCK_REGION_LENGTH__ = DEFINED (__LOCK_REGION_LENGTH__)?__LOCK_REGION_LENGTH__:0x400
                0x00000400                __SIGNATURE_REGION_LENGTH__ = DEFINED (__SIGNATURE_REGION_LENGTH__)?__SIGNATURE_REGION_LENGTH__:0x400
                0x00000400                __USER_SIGNATURE_REGION_LENGTH__ = DEFINED (__USER_SIGNATURE_REGION_LENGTH__)?__USER_SIGNATURE_REGION_LENGTH__:0x400
                0x00008000                __RODATA_PM_OFFSET__ = DEFINED (__RODATA_PM_OFFSET__)?__RODATA_PM_OFFSET__:0x8000

.hash
 *(.hash)

.dynsym
 *(.dynsym)

.dynstr
 *(.dynstr)

.gnu.version
 *(.gnu.version)

.gnu.version_d
 *(.gnu.version_d)

.gnu.version_r
 *(.gnu.version_r)

.rel.init
 *(.rel.init)

.rela.init
 *(.rela.init)

.rel.text
 *(.rel.text)
 *(.rel.text.*)
 *(.rel.gnu.linkonce.t*)

.rela.text
 *(.rela.text)
 *(.rela.text.*)
 *(.rela.gnu.linkonce.t*)

.rel.fini
 *(.rel.fini)

.rela.fini
 *(.rela.fini)

.rel.rodata
 *(.rel.rodata)
 *(.rel.rodata.*)
 *(.rel.gnu.linkonce.r*)

.rela.rodata
 *(.rela.rodata)
 *(.rela.rodata.*)
 *(.rela.gnu.linkonce.r*)

.rel.data
 *(.rel.data)
 *(.rel.data.*)
 *(.rel.gnu.linkonce.d*)

.rela.data
 *(.rela.data)
 *(.rela.data.*)
 *(.rela.gnu.linkonce.d*)

.rel.ctors
 *(.rel.ctors)

.rela.ctors
 *(.rela.ctors)

.rel.dtors
 *(.rel.dtors)

.rela.dtors
 *(.rela.dtors)

.rel.got
 *(.rel.got)

.rela.got
 *(.rela.got)

.rel.bss
 *(.rel.bss)

.rela.bss
 *(.rela.bss)

.rel.plt
 *(.rel.plt)

.rela.plt
 *(.rela.plt)

.text           0x00000000      0x540
 *(.vectors)
 .vectors       0x00000000       0x7c D:/Programmes/AtmelStudio/7.0/Packs/atmel/ATtiny_DFP/1.3.147/gcc/dev/attiny1616/avrxmega3/crtattiny1616.o
                0x00000000                __vector_default
                0x00000000                __vectors
 *(.vectors)
 *(.progmem.gcc*)
 .progmem.gcc_sw_table.changeGain
                0x0000007c       0x10 LTC6911.o
                0x0000008c                . = ALIGN (0x2)
                0x0000008c                __trampolines_start = .
 *(.trampolines)
 .trampolines   0x0000008c        0x0 linker stubs
 *(.trampolines*)
                0x0000008c                __trampolines_end = .
 *libprintf_flt.a:*(.progmem.data)
 *libc.a:*(.progmem.data)
 *(.progmem*)
                0x0000008c                . = ALIGN (0x2)
 *(.jumptables)
 *(.jumptables*)
 *(.lowtext)
 *(.lowtext*)
                0x0000008c                __ctors_start = .
 *(.ctors)
                0x0000008c                __ctors_end = .
                0x0000008c                __dtors_start = .
 *(.dtors)
                0x0000008c                __dtors_end = .
 SORT(*)(.ctors)
 SORT(*)(.dtors)
 *(.init0)
 .init0         0x0000008c        0x0 D:/Programmes/AtmelStudio/7.0/Packs/atmel/ATtiny_DFP/1.3.147/gcc/dev/attiny1616/avrxmega3/crtattiny1616.o
                0x0000008c                __init
 *(.init0)
 *(.init1)
 *(.init1)
 *(.init2)
 .init2         0x0000008c        0xc D:/Programmes/AtmelStudio/7.0/Packs/atmel/ATtiny_DFP/1.3.147/gcc/dev/attiny1616/avrxmega3/crtattiny1616.o
 *(.init2)
 *(.init3)
 *(.init3)
 *(.init4)
 *(.init4)
 *(.init5)
 *(.init5)
 *(.init6)
 *(.init6)
 *(.init7)
 *(.init7)
 *(.init8)
 *(.init8)
 *(.init9)
 .init9         0x00000098        0x8 D:/Programmes/AtmelStudio/7.0/Packs/atmel/ATtiny_DFP/1.3.147/gcc/dev/attiny1616/avrxmega3/crtattiny1616.o
 *(.init9)
 *(.text)
 .text          0x000000a0        0x4 D:/Programmes/AtmelStudio/7.0/Packs/atmel/ATtiny_DFP/1.3.147/gcc/dev/attiny1616/avrxmega3/crtattiny1616.o
                0x000000a0                __vector_22
                0x000000a0                __vector_28
                0x000000a0                __vector_1
                0x000000a0                __vector_24
                0x000000a0                __vector_12
                0x000000a0                __bad_interrupt
                0x000000a0                __vector_6
                0x000000a0                __vector_3
                0x000000a0                __vector_23
                0x000000a0                __vector_30
                0x000000a0                __vector_25
                0x000000a0                __vector_11
                0x000000a0                __vector_13
                0x000000a0                __vector_17
                0x000000a0                __vector_19
                0x000000a0                __vector_7
                0x000000a0                __vector_27
                0x000000a0                __vector_5
                0x000000a0                __vector_4
                0x000000a0                __vector_9
                0x000000a0                __vector_2
                0x000000a0                __vector_21
                0x000000a0                __vector_15
                0x000000a0                __vector_29
                0x000000a0                __vector_8
                0x000000a0                __vector_26
                0x000000a0                __vector_14
                0x000000a0                __vector_10
                0x000000a0                __vector_16
                0x000000a0                __vector_18
                0x000000a0                __vector_20
                0x000000a4                . = ALIGN (0x2)
 *(.text.*)
 .text.parse    0x000000a4       0xaa LTC2402.o
                0x000000a4                parse
 .text.ready    0x0000014e        0xe LTC2402.o
                0x0000014e                ready
 .text.readAll  0x0000015c       0x2e LTC2402.o
                0x0000015c                readAll
 .text.getData  0x0000018a       0x94 LTC2402.o
                0x0000018a                getData
 .text.setValue
                0x0000021e       0x14 LTC6911.o
                0x0000021e                setValue
 .text.changeGain
                0x00000232       0x52 LTC6911.o
                0x00000232                changeGain
 .text.main     0x00000284       0x88 main.o
                0x00000284                main
 .text.writebyte
                0x0000030c       0x4e NOKIA3310.o
                0x0000030c                writebyte
 .text.setCoord
                0x0000035a       0x36 NOKIA3310.o
                0x0000035a                setCoord
 .text.clearLCD
                0x00000390       0x14 NOKIA3310.o
                0x00000390                clearLCD
 .text.screenSetup
                0x000003a4       0x7a NOKIA3310.o
                0x000003a4                screenSetup
 .text.putChar  0x0000041e       0x60 NOKIA3310.o
                0x0000041e                putChar
 .text.putString
                0x0000047e       0x3c NOKIA3310.o
                0x0000047e                putString
 .text.pinSetup
                0x000004ba        0xc setup.o
                0x000004ba                pinSetup
 .text.libgcc   0x000004c6        0xc d:/programmes/atmelstudio/7.0/toolchain/avr8/avr8-gnu-toolchain/bin/../lib/gcc/avr/5.4.0/avrxmega3\libgcc.a(_tablejump2.o)
                0x000004c6                __tablejump2__
 .text.avr-libc
                0x000004d2       0x16 d:/programmes/atmelstudio/7.0/toolchain/avr8/avr8-gnu-toolchain/bin/../lib/gcc/avr/5.4.0/../../../../avr/lib/avrxmega3\libc.a(itoa_ncheck.o)
                0x000004d2                __itoa_ncheck
 .text.avr-libc
                0x000004e8       0x34 d:/programmes/atmelstudio/7.0/toolchain/avr8/avr8-gnu-toolchain/bin/../lib/gcc/avr/5.4.0/../../../../avr/lib/avrxmega3\libc.a(utoa_ncheck.o)
                0x000004e8                __utoa_ncheck
                0x000004ea                __utoa_common
 .text.avr-libc
                0x0000051c       0x20 d:/programmes/atmelstudio/7.0/toolchain/avr8/avr8-gnu-toolchain/bin/../lib/gcc/avr/5.4.0/../../../../avr/lib/avrxmega3\libc.a(strrev.o)
                0x0000051c                strrev
                0x0000053c                . = ALIGN (0x2)
 *(.fini9)
 .fini9         0x0000053c        0x0 d:/programmes/atmelstudio/7.0/toolchain/avr8/avr8-gnu-toolchain/bin/../lib/gcc/avr/5.4.0/avrxmega3\libgcc.a(_exit.o)
                0x0000053c                _exit
                0x0000053c                exit
 *(.fini9)
 *(.fini8)
 *(.fini8)
 *(.fini7)
 *(.fini7)
 *(.fini6)
 *(.fini6)
 *(.fini5)
 *(.fini5)
 *(.fini4)
 *(.fini4)
 *(.fini3)
 *(.fini3)
 *(.fini2)
 *(.fini2)
 *(.fini1)
 *(.fini1)
 *(.fini0)
 .fini0         0x0000053c        0x4 d:/programmes/atmelstudio/7.0/toolchain/avr8/avr8-gnu-toolchain/bin/../lib/gcc/avr/5.4.0/avrxmega3\libgcc.a(_exit.o)
 *(.fini0)
                0x00000540                _etext = .

.rodata         0x00008540      0x1e9 load address 0x00000540
 *(.rodata)
 *(.rodata*)
 .rodata.asciiTable
                0x00008540      0x1db charset.o
                0x00008540                asciiTable
 .rodata.str1.1
                0x0000871b        0xe main.o
 *(.gnu.linkonce.r*)

.data           0x00803800        0x0 load address 0x00000729
                [!provide]                PROVIDE (__data_start, .)
 *(.data)
 *(.data*)
 *(.gnu.linkonce.d*)
                0x00803800                . = ALIGN (0x2)
                0x00803800                _edata = .
                [!provide]                PROVIDE (__data_end, .)

.bss            0x00803800        0x0
                [!provide]                PROVIDE (__bss_start, .)
 *(.bss)
 *(.bss*)
 *(COMMON)
                [!provide]                PROVIDE (__bss_end, .)
                0x00000729                __data_load_start = LOADADDR (.data)
                0x00000729                __data_load_end = (__data_load_start + SIZEOF (.data))

.noinit         0x00803800        0x0
                [!provide]                PROVIDE (__noinit_start, .)
 *(.noinit*)
                [!provide]                PROVIDE (__noinit_end, .)
                0x00803800                _end = .
                [!provide]                PROVIDE (__heap_start, .)

.eeprom         0x00810000        0x0
 *(.eeprom*)
                0x00810000                __eeprom_end = .

.fuse
 *(.fuse)
 *(.lfuse)
 *(.hfuse)
 *(.efuse)

.lock
 *(.lock*)

.signature
 *(.signature*)

.user_signatures
 *(.user_signatures*)

.stab
 *(.stab)

.stabstr
 *(.stabstr)

.stab.excl
 *(.stab.excl)

.stab.exclstr
 *(.stab.exclstr)

.stab.index
 *(.stab.index)

.stab.indexstr
 *(.stab.indexstr)

.comment        0x00000000       0x30
 *(.comment)
 .comment       0x00000000       0x30 charset.o
                                 0x31 (size before relaxing)
 .comment       0x00000030       0x31 LTC2402.o
 .comment       0x00000030       0x31 LTC6911.o
 .comment       0x00000030       0x31 main.o
 .comment       0x00000030       0x31 NOKIA3310.o
 .comment       0x00000030       0x31 setup.o

.note.gnu.avr.deviceinfo
                0x00000000       0x40
 .note.gnu.avr.deviceinfo
                0x00000000       0x40 D:/Programmes/AtmelStudio/7.0/Packs/atmel/ATtiny_DFP/1.3.147/gcc/dev/attiny1616/avrxmega3/crtattiny1616.o

.note.gnu.build-id
 *(.note.gnu.build-id)

.debug
 *(.debug)

.line
 *(.line)

.debug_srcinfo
 *(.debug_srcinfo)

.debug_sfnames
 *(.debug_sfnames)

.debug_aranges  0x00000000      0x108
 *(.debug_aranges)
 .debug_aranges
                0x00000000       0x18 charset.o
 .debug_aranges
                0x00000018       0x38 LTC2402.o
 .debug_aranges
                0x00000050       0x28 LTC6911.o
 .debug_aranges
                0x00000078       0x20 main.o
 .debug_aranges
                0x00000098       0x50 NOKIA3310.o
 .debug_aranges
                0x000000e8       0x20 setup.o

.debug_pubnames
 *(.debug_pubnames)

.debug_info     0x00000000     0x29ff
 *(.debug_info .gnu.linkonce.wi.*)
 .debug_info    0x00000000     0x19ed D:/Programmes/AtmelStudio/7.0/Packs/atmel/ATtiny_DFP/1.3.147/gcc/dev/attiny1616/avrxmega3/crtattiny1616.o
 .debug_info    0x000019ed       0x59 charset.o
 .debug_info    0x00001a46      0x300 LTC2402.o
 .debug_info    0x00001d46      0x200 LTC6911.o
 .debug_info    0x00001f46      0x375 main.o
 .debug_info    0x000022bb      0x656 NOKIA3310.o
 .debug_info    0x00002911       0xee setup.o

.debug_abbrev   0x00000000     0x1fc6
 *(.debug_abbrev)
 .debug_abbrev  0x00000000     0x1888 D:/Programmes/AtmelStudio/7.0/Packs/atmel/ATtiny_DFP/1.3.147/gcc/dev/attiny1616/avrxmega3/crtattiny1616.o
 .debug_abbrev  0x00001888       0x45 charset.o
 .debug_abbrev  0x000018cd      0x1b7 LTC2402.o
 .debug_abbrev  0x00001a84      0x10f LTC6911.o
 .debug_abbrev  0x00001b93      0x181 main.o
 .debug_abbrev  0x00001d14      0x222 NOKIA3310.o
 .debug_abbrev  0x00001f36       0x90 setup.o

.debug_line     0x00000000      0xac3
 *(.debug_line .debug_line.* .debug_line_end)
 .debug_line    0x00000000      0x151 D:/Programmes/AtmelStudio/7.0/Packs/atmel/ATtiny_DFP/1.3.147/gcc/dev/attiny1616/avrxmega3/crtattiny1616.o
 .debug_line    0x00000151       0x2c charset.o
 .debug_line    0x0000017d      0x1f7 LTC2402.o
 .debug_line    0x00000374      0x16c LTC6911.o
 .debug_line    0x000004e0      0x13b main.o
 .debug_line    0x0000061b      0x3af NOKIA3310.o
 .debug_line    0x000009ca       0xf9 setup.o

.debug_frame    0x00000000      0x210
 *(.debug_frame)
 .debug_frame   0x00000000       0xa8 LTC2402.o
 .debug_frame   0x000000a8       0x34 LTC6911.o
 .debug_frame   0x000000dc       0x34 main.o
 .debug_frame   0x00000110       0xdc NOKIA3310.o
 .debug_frame   0x000001ec       0x24 setup.o

.debug_str      0x00000000      0xe4c
 *(.debug_str)
 .debug_str     0x00000000      0xacf D:/Programmes/AtmelStudio/7.0/Packs/atmel/ATtiny_DFP/1.3.147/gcc/dev/attiny1616/avrxmega3/crtattiny1616.o
 .debug_str     0x00000acf      0x120 charset.o
                                0x125 (size before relaxing)
 .debug_str     0x00000bef      0x10c LTC2402.o
                                0x1f9 (size before relaxing)
 .debug_str     0x00000cfb       0x32 LTC6911.o
                                0x1b3 (size before relaxing)
 .debug_str     0x00000d2d       0x53 main.o
                                0x1cd (size before relaxing)
 .debug_str     0x00000d80       0xbf NOKIA3310.o
                                0x284 (size before relaxing)
 .debug_str     0x00000e3f        0xd setup.o
                                0x192 (size before relaxing)

.debug_loc      0x00000000      0x8b3
 *(.debug_loc)
 .debug_loc     0x00000000      0x2c8 LTC2402.o
 .debug_loc     0x000002c8       0xd0 LTC6911.o
 .debug_loc     0x00000398       0xc1 main.o
 .debug_loc     0x00000459      0x45a NOKIA3310.o

.debug_macinfo
 *(.debug_macinfo)

.debug_weaknames
 *(.debug_weaknames)

.debug_funcnames
 *(.debug_funcnames)

.debug_typenames
 *(.debug_typenames)

.debug_varnames
 *(.debug_varnames)

.debug_pubtypes
 *(.debug_pubtypes)

.debug_ranges   0x00000000       0xa0
 *(.debug_ranges)
 .debug_ranges  0x00000000       0x28 LTC2402.o
 .debug_ranges  0x00000028       0x18 LTC6911.o
 .debug_ranges  0x00000040       0x10 main.o
 .debug_ranges  0x00000050       0x40 NOKIA3310.o
 .debug_ranges  0x00000090       0x10 setup.o

.debug_macro
 *(.debug_macro)
OUTPUT(CardMeter.elf elf32-avr)
LOAD linker stubs
